Logging started...
--- 2025-06-17 16:23:53.812 ---
cycles: 973799698 (973.7 Mhz)
0x0000000000000001-0x0000000000000005: 4: used
0x0000000000000005-0x0000000000000009: 4: used
0x0000000000000009-0x000000000000000d: 4: used
0x000000000000000d-0x0000000000000011: 4: used
0x0000000000000011-0x0000000000000015: 4: used
0x0000000000000015-0x0000000000100000: 1048555: free
total: 1048575, used 20 free 1048555
allocated bos:          5
allocated bo size (kb): 80

--- 2025-06-17 16:23:54.848 ---
cycles: 974519901 (974.5 Mhz)
0x0000000000000001-0x0000000000000005: 4: used
0x0000000000000005-0x0000000000000009: 4: used
0x0000000000000009-0x000000000000000d: 4: used
0x000000000000000d-0x0000000000000011: 4: used
0x0000000000000011-0x0000000000000015: 4: used
0x0000000000000015-0x0000000000001015: 4096: used
0x0000000000001015-0x0000000000002015: 4096: used
0x0000000000002015-0x0000000000003015: 4096: used
0x0000000000003015-0x0000000000004019: 4100: used
0x0000000000004019-0x000000000000501d: 4100: used
0x000000000000501d-0x0000000000006021: 4100: used
0x0000000000006021-0x0000000000006025: 4: used
0x0000000000006025-0x00000000000060b9: 148: used
0x00000000000060b9-0x00000000000060f9: 64: used
0x00000000000060f9-0x00000000000060fd: 4: used
0x00000000000060fd-0x0000000000006101: 4: used
0x0000000000006101-0x0000000000006105: 4: used
0x0000000000006105-0x0000000000006199: 148: used
0x0000000000006199-0x00000000000061d9: 64: used
0x00000000000061d9-0x00000000000061dd: 4: used
0x00000000000061dd-0x00000000000061e1: 4: used
0x00000000000061e1-0x00000000000061e5: 4: used
0x00000000000061e5-0x0000000000006269: 132: used
0x0000000000006269-0x000000000000626d: 4: used
0x000000000000626d-0x0000000000006271: 4: used
0x0000000000006271-0x0000000000006275: 4: used
0x0000000000006275-0x0000000000100000: 1023371: free
total: 1048575, used 25204 free 1023371
allocated bos:          26
allocated bo size (kb): 100816

--- 2025-06-17 16:23:55.869 ---
cycles: 977969110 (977.9 Mhz)
0x0000000000000001-0x0000000000000005: 4: used
0x0000000000000005-0x0000000000000009: 4: used
0x0000000000000009-0x000000000000000d: 4: used
0x000000000000000d-0x0000000000000011: 4: used
0x0000000000000011-0x0000000000000015: 4: used
0x0000000000000015-0x0000000000001015: 4096: used
0x0000000000001015-0x0000000000002015: 4096: used
0x0000000000002015-0x0000000000003015: 4096: used
0x0000000000003015-0x0000000000004019: 4100: used
0x0000000000004019-0x000000000000501d: 4100: used
0x000000000000501d-0x0000000000006021: 4100: used
0x0000000000006021-0x0000000000006025: 4: used
0x0000000000006025-0x00000000000060b9: 148: used
0x00000000000060b9-0x00000000000060f9: 64: used
0x00000000000060f9-0x00000000000060fd: 4: used
0x00000000000060fd-0x0000000000006101: 4: used
0x0000000000006101-0x0000000000006105: 4: used
0x0000000000006105-0x0000000000006199: 148: used
0x0000000000006199-0x00000000000061d9: 64: used
0x00000000000061d9-0x00000000000061dd: 4: used
0x00000000000061dd-0x00000000000061e1: 4: used
0x00000000000061e1-0x00000000000061e5: 4: used
0x00000000000061e5-0x0000000000006269: 132: used
0x0000000000006269-0x000000000000626d: 4: used
0x000000000000626d-0x0000000000006271: 4: used
0x0000000000006271-0x0000000000006275: 4: used
0x0000000000006275-0x0000000000100000: 1023371: free
total: 1048575, used 25204 free 1023371
allocated bos:          26
allocated bo size (kb): 100816

--- 2025-06-17 16:23:56.893 ---
cycles: 978142436 (978.1 Mhz)
0x0000000000000001-0x0000000000000005: 4: used
0x0000000000000005-0x0000000000000009: 4: used
0x0000000000000009-0x000000000000000d: 4: used
0x000000000000000d-0x0000000000000011: 4: used
0x0000000000000011-0x0000000000000015: 4: used
0x0000000000000015-0x0000000000001015: 4096: used
0x0000000000001015-0x0000000000002015: 4096: used
0x0000000000002015-0x0000000000003015: 4096: used
0x0000000000003015-0x0000000000004019: 4100: used
0x0000000000004019-0x000000000000501d: 4100: used
0x000000000000501d-0x0000000000006021: 4100: used
0x0000000000006021-0x0000000000006025: 4: used
0x0000000000006025-0x00000000000060b9: 148: used
0x00000000000060b9-0x00000000000060f9: 64: used
0x00000000000060f9-0x00000000000060fd: 4: used
0x00000000000060fd-0x0000000000006101: 4: used
0x0000000000006101-0x0000000000006105: 4: used
0x0000000000006105-0x0000000000006199: 148: used
0x0000000000006199-0x00000000000061d9: 64: used
0x00000000000061d9-0x00000000000061dd: 4: used
0x00000000000061dd-0x00000000000061e1: 4: used
0x00000000000061e1-0x00000000000061e5: 4: used
0x00000000000061e5-0x0000000000006269: 132: used
0x0000000000006269-0x000000000000626d: 4: used
0x000000000000626d-0x0000000000006271: 4: used
0x0000000000006271-0x0000000000006275: 4: used
0x0000000000006275-0x0000000000100000: 1023371: free
total: 1048575, used 25204 free 1023371
allocated bos:          26
allocated bo size (kb): 100816

--- 2025-06-17 16:23:57.917 ---
cycles: 978035611 (978.0 Mhz)
0x0000000000000001-0x0000000000000005: 4: used
0x0000000000000005-0x0000000000000009: 4: used
0x0000000000000009-0x000000000000000d: 4: used
0x000000000000000d-0x0000000000000011: 4: used
0x0000000000000011-0x0000000000000015: 4: used
0x0000000000000015-0x0000000000001015: 4096: used
0x0000000000001015-0x0000000000002015: 4096: used
0x0000000000002015-0x0000000000003015: 4096: used
0x0000000000003015-0x0000000000004019: 4100: used
0x0000000000004019-0x000000000000501d: 4100: used
0x000000000000501d-0x0000000000006021: 4100: used
0x0000000000006021-0x0000000000006025: 4: used
0x0000000000006025-0x00000000000060b9: 148: used
0x00000000000060b9-0x00000000000060f9: 64: used
0x00000000000060f9-0x00000000000060fd: 4: used
0x00000000000060fd-0x0000000000006101: 4: used
0x0000000000006101-0x0000000000006105: 4: used
0x0000000000006105-0x0000000000006199: 148: used
0x0000000000006199-0x00000000000061d9: 64: used
0x00000000000061d9-0x00000000000061dd: 4: used
0x00000000000061dd-0x00000000000061e1: 4: used
0x00000000000061e1-0x00000000000061e5: 4: used
0x00000000000061e5-0x0000000000006269: 132: used
0x0000000000006269-0x000000000000626d: 4: used
0x000000000000626d-0x0000000000006271: 4: used
0x0000000000006271-0x0000000000006275: 4: used
0x0000000000006275-0x0000000000100000: 1023371: free
total: 1048575, used 25204 free 1023371
allocated bos:          26
allocated bo size (kb): 100816

--- 2025-06-17 16:23:58.943 ---
cycles: 965431678 (965.4 Mhz)
0x0000000000000001-0x0000000000000005: 4: used
0x0000000000000005-0x0000000000000009: 4: used
0x0000000000000009-0x000000000000000d: 4: used
0x000000000000000d-0x0000000000000011: 4: used
0x0000000000000011-0x0000000000000015: 4: used
0x0000000000000015-0x0000000000001015: 4096: used
0x0000000000001015-0x0000000000002015: 4096: used
0x0000000000002015-0x0000000000003015: 4096: used
0x0000000000003015-0x0000000000004019: 4100: used
0x0000000000004019-0x000000000000501d: 4100: used
0x000000000000501d-0x0000000000006021: 4100: used
0x0000000000006021-0x0000000000006025: 4: used
0x0000000000006025-0x00000000000060b9: 148: used
0x00000000000060b9-0x00000000000060f9: 64: used
0x00000000000060f9-0x00000000000060fd: 4: used
0x00000000000060fd-0x0000000000006101: 4: used
0x0000000000006101-0x0000000000006105: 4: used
0x0000000000006105-0x0000000000006199: 148: used
0x0000000000006199-0x00000000000061d9: 64: used
0x00000000000061d9-0x00000000000061dd: 4: used
0x00000000000061dd-0x00000000000061e1: 4: used
0x00000000000061e1-0x00000000000061e5: 4: used
0x00000000000061e5-0x0000000000006269: 132: used
0x0000000000006269-0x000000000000626d: 4: used
0x000000000000626d-0x0000000000006271: 4: used
0x0000000000006271-0x0000000000006275: 4: used
0x0000000000006275-0x0000000000100000: 1023371: free
total: 1048575, used 25204 free 1023371
allocated bos:          26
allocated bo size (kb): 100816

--- 2025-06-17 16:23:59.965 ---
cycles: 977058462 (977.0 Mhz)
0x0000000000000001-0x0000000000000005: 4: used
0x0000000000000005-0x0000000000000009: 4: used
0x0000000000000009-0x000000000000000d: 4: used
0x000000000000000d-0x0000000000000011: 4: used
0x0000000000000011-0x0000000000000015: 4: used
0x0000000000000015-0x0000000000001015: 4096: used
0x0000000000001015-0x0000000000002015: 4096: used
0x0000000000002015-0x0000000000003015: 4096: used
0x0000000000003015-0x0000000000004019: 4100: used
0x0000000000004019-0x000000000000501d: 4100: used
0x000000000000501d-0x0000000000006021: 4100: used
0x0000000000006021-0x0000000000006025: 4: used
0x0000000000006025-0x00000000000060b9: 148: used
0x00000000000060b9-0x00000000000060f9: 64: used
0x00000000000060f9-0x00000000000060fd: 4: used
0x00000000000060fd-0x0000000000006101: 4: used
0x0000000000006101-0x0000000000006105: 4: used
0x0000000000006105-0x0000000000006199: 148: used
0x0000000000006199-0x00000000000061d9: 64: used
0x00000000000061d9-0x00000000000061dd: 4: used
0x00000000000061dd-0x00000000000061e1: 4: used
0x00000000000061e1-0x00000000000061e5: 4: used
0x00000000000061e5-0x0000000000006269: 132: used
0x0000000000006269-0x000000000000626d: 4: used
0x000000000000626d-0x0000000000006271: 4: used
0x0000000000006271-0x0000000000006275: 4: used
0x0000000000006275-0x0000000000100000: 1023371: free
total: 1048575, used 25204 free 1023371
allocated bos:          26
allocated bo size (kb): 100816

--- 2025-06-17 16:24:00.989 ---
cycles: 977876505 (977.8 Mhz)
0x0000000000000001-0x0000000000000005: 4: used
0x0000000000000005-0x0000000000000009: 4: used
0x0000000000000009-0x000000000000000d: 4: used
0x000000000000000d-0x0000000000000011: 4: used
0x0000000000000011-0x0000000000000015: 4: used
0x0000000000000015-0x0000000000001015: 4096: used
0x0000000000001015-0x0000000000002015: 4096: used
0x0000000000002015-0x0000000000003015: 4096: used
0x0000000000003015-0x0000000000004019: 4100: used
0x0000000000004019-0x000000000000501d: 4100: used
0x000000000000501d-0x0000000000006021: 4100: used
0x0000000000006021-0x0000000000006025: 4: used
0x0000000000006025-0x00000000000060b9: 148: used
0x00000000000060b9-0x00000000000060f9: 64: used
0x00000000000060f9-0x00000000000060fd: 4: used
0x00000000000060fd-0x0000000000006101: 4: used
0x0000000000006101-0x0000000000006105: 4: used
0x0000000000006105-0x0000000000006199: 148: used
0x0000000000006199-0x00000000000061d9: 64: used
0x00000000000061d9-0x00000000000061dd: 4: used
0x00000000000061dd-0x00000000000061e1: 4: used
0x00000000000061e1-0x00000000000061e5: 4: used
0x00000000000061e5-0x0000000000006269: 132: used
0x0000000000006269-0x000000000000626d: 4: used
0x000000000000626d-0x0000000000006271: 4: used
0x0000000000006271-0x0000000000006275: 4: used
0x0000000000006275-0x0000000000100000: 1023371: free
total: 1048575, used 25204 free 1023371
allocated bos:          26
allocated bo size (kb): 100816

--- 2025-06-17 16:24:02.013 ---
cycles: 978018611 (978.0 Mhz)
0x0000000000000001-0x0000000000000005: 4: used
0x0000000000000005-0x0000000000000009: 4: used
0x0000000000000009-0x000000000000000d: 4: used
0x000000000000000d-0x0000000000000011: 4: used
0x0000000000000011-0x0000000000000015: 4: used
0x0000000000000015-0x0000000000001015: 4096: used
0x0000000000001015-0x0000000000002015: 4096: used
0x0000000000002015-0x0000000000003015: 4096: used
0x0000000000003015-0x0000000000004019: 4100: used
0x0000000000004019-0x000000000000501d: 4100: used
0x000000000000501d-0x0000000000006021: 4100: used
0x0000000000006021-0x0000000000006025: 4: used
0x0000000000006025-0x00000000000060b9: 148: used
0x00000000000060b9-0x00000000000060f9: 64: used
0x00000000000060f9-0x00000000000060fd: 4: used
0x00000000000060fd-0x0000000000006101: 4: used
0x0000000000006101-0x0000000000006105: 4: used
0x0000000000006105-0x0000000000006199: 148: used
0x0000000000006199-0x00000000000061d9: 64: used
0x00000000000061d9-0x00000000000061dd: 4: used
0x00000000000061dd-0x00000000000061e1: 4: used
0x00000000000061e1-0x00000000000061e5: 4: used
0x00000000000061e5-0x0000000000006269: 132: used
0x0000000000006269-0x000000000000626d: 4: used
0x000000000000626d-0x0000000000006271: 4: used
0x0000000000006271-0x0000000000006275: 4: used
0x0000000000006275-0x0000000000100000: 1023371: free
total: 1048575, used 25204 free 1023371
allocated bos:          26
allocated bo size (kb): 100816

--- 2025-06-17 16:24:03.037 ---
cycles: 977859295 (977.8 Mhz)
0x0000000000000001-0x0000000000000005: 4: used
0x0000000000000005-0x0000000000000009: 4: used
0x0000000000000009-0x000000000000000d: 4: used
0x000000000000000d-0x0000000000000011: 4: used
0x0000000000000011-0x0000000000000015: 4: used
0x0000000000000015-0x0000000000001015: 4096: used
0x0000000000001015-0x0000000000002015: 4096: used
0x0000000000002015-0x0000000000003015: 4096: used
0x0000000000003015-0x0000000000004019: 4100: used
0x0000000000004019-0x000000000000501d: 4100: used
0x000000000000501d-0x0000000000006021: 4100: used
0x0000000000006021-0x0000000000006025: 4: used
0x0000000000006025-0x00000000000060b9: 148: used
0x00000000000060b9-0x00000000000060f9: 64: used
0x00000000000060f9-0x00000000000060fd: 4: used
0x00000000000060fd-0x0000000000006101: 4: used
0x0000000000006101-0x0000000000006105: 4: used
0x0000000000006105-0x0000000000006199: 148: used
0x0000000000006199-0x00000000000061d9: 64: used
0x00000000000061d9-0x00000000000061dd: 4: used
0x00000000000061dd-0x00000000000061e1: 4: used
0x00000000000061e1-0x00000000000061e5: 4: used
0x00000000000061e5-0x0000000000006269: 132: used
0x0000000000006269-0x000000000000626d: 4: used
0x000000000000626d-0x0000000000006271: 4: used
0x0000000000006271-0x0000000000006275: 4: used
0x0000000000006275-0x0000000000100000: 1023371: free
total: 1048575, used 25204 free 1023371
allocated bos:          26
allocated bo size (kb): 100816

--- 2025-06-17 16:24:04.061 ---
cycles: 977830441 (977.8 Mhz)
0x0000000000000001-0x0000000000000005: 4: used
0x0000000000000005-0x0000000000000009: 4: used
0x0000000000000009-0x000000000000000d: 4: used
0x000000000000000d-0x0000000000000011: 4: used
0x0000000000000011-0x0000000000000015: 4: used
0x0000000000000015-0x0000000000001015: 4096: used
0x0000000000001015-0x0000000000002015: 4096: used
0x0000000000002015-0x0000000000003015: 4096: used
0x0000000000003015-0x0000000000004019: 4100: used
0x0000000000004019-0x000000000000501d: 4100: used
0x000000000000501d-0x0000000000006021: 4100: used
0x0000000000006021-0x0000000000006025: 4: used
0x0000000000006025-0x00000000000060b9: 148: used
0x00000000000060b9-0x00000000000060f9: 64: used
0x00000000000060f9-0x00000000000060fd: 4: used
0x00000000000060fd-0x0000000000006101: 4: used
0x0000000000006101-0x0000000000006105: 4: used
0x0000000000006105-0x0000000000006199: 148: used
0x0000000000006199-0x00000000000061d9: 64: used
0x00000000000061d9-0x00000000000061dd: 4: used
0x00000000000061dd-0x00000000000061e1: 4: used
0x00000000000061e1-0x00000000000061e5: 4: used
0x00000000000061e5-0x0000000000006269: 132: used
0x0000000000006269-0x000000000000626d: 4: used
0x000000000000626d-0x0000000000006271: 4: used
0x0000000000006271-0x0000000000006275: 4: used
0x0000000000006275-0x0000000000100000: 1023371: free
total: 1048575, used 25204 free 1023371
allocated bos:          26
allocated bo size (kb): 100816

--- 2025-06-17 16:24:05.086 ---
cycles: 976147241 (976.1 Mhz)
0x0000000000000001-0x0000000000000005: 4: used
0x0000000000000005-0x0000000000000009: 4: used
0x0000000000000009-0x000000000000000d: 4: used
0x000000000000000d-0x0000000000000011: 4: used
0x0000000000000011-0x0000000000000015: 4: used
0x0000000000000015-0x0000000000001015: 4096: used
0x0000000000001015-0x0000000000002015: 4096: used
0x0000000000002015-0x0000000000003015: 4096: used
0x0000000000003015-0x0000000000004019: 4100: used
0x0000000000004019-0x000000000000501d: 4100: used
0x000000000000501d-0x0000000000006021: 4100: used
0x0000000000006021-0x0000000000006025: 4: used
0x0000000000006025-0x00000000000060b9: 148: used
0x00000000000060b9-0x00000000000060f9: 64: used
0x00000000000060f9-0x00000000000060fd: 4: used
0x00000000000060fd-0x0000000000006101: 4: used
0x0000000000006101-0x0000000000006105: 4: used
0x0000000000006105-0x0000000000006199: 148: used
0x0000000000006199-0x00000000000061d9: 64: used
0x00000000000061d9-0x00000000000061dd: 4: used
0x00000000000061dd-0x00000000000061e1: 4: used
0x00000000000061e1-0x00000000000061e5: 4: used
0x00000000000061e5-0x0000000000006269: 132: used
0x0000000000006269-0x000000000000626d: 4: used
0x000000000000626d-0x0000000000006271: 4: used
0x0000000000006271-0x0000000000006275: 4: used
0x0000000000006275-0x0000000000100000: 1023371: free
total: 1048575, used 25204 free 1023371
allocated bos:          26
allocated bo size (kb): 100816

--- 2025-06-17 16:24:06.110 ---
cycles: 975864795 (975.8 Mhz)
0x0000000000000001-0x0000000000000005: 4: used
0x0000000000000005-0x0000000000000009: 4: used
0x0000000000000009-0x000000000000000d: 4: used
0x000000000000000d-0x0000000000000011: 4: used
0x0000000000000011-0x0000000000000015: 4: used
0x0000000000000015-0x0000000000001015: 4096: used
0x0000000000001015-0x0000000000002015: 4096: used
0x0000000000002015-0x0000000000003015: 4096: used
0x0000000000003015-0x0000000000004019: 4100: used
0x0000000000004019-0x000000000000501d: 4100: used
0x000000000000501d-0x0000000000006021: 4100: used
0x0000000000006021-0x0000000000006025: 4: used
0x0000000000006025-0x00000000000060b9: 148: used
0x00000000000060b9-0x00000000000060f9: 64: used
0x00000000000060f9-0x00000000000060fd: 4: used
0x00000000000060fd-0x0000000000006101: 4: used
0x0000000000006101-0x0000000000006105: 4: used
0x0000000000006105-0x0000000000006199: 148: used
0x0000000000006199-0x00000000000061d9: 64: used
0x00000000000061d9-0x00000000000061dd: 4: used
0x00000000000061dd-0x00000000000061e1: 4: used
0x00000000000061e1-0x00000000000061e5: 4: used
0x00000000000061e5-0x0000000000006269: 132: used
0x0000000000006269-0x000000000000626d: 4: used
0x000000000000626d-0x0000000000006271: 4: used
0x0000000000006271-0x0000000000006275: 4: used
0x0000000000006275-0x0000000000100000: 1023371: free
total: 1048575, used 25204 free 1023371
allocated bos:          26
allocated bo size (kb): 100816

--- 2025-06-17 16:24:07.134 ---
cycles: 975846327 (975.8 Mhz)
0x0000000000000001-0x0000000000000005: 4: used
0x0000000000000005-0x0000000000000009: 4: used
0x0000000000000009-0x000000000000000d: 4: used
0x000000000000000d-0x0000000000000011: 4: used
0x0000000000000011-0x0000000000000015: 4: used
0x0000000000000015-0x0000000000001015: 4096: used
0x0000000000001015-0x0000000000002015: 4096: used
0x0000000000002015-0x0000000000003015: 4096: used
0x0000000000003015-0x0000000000004019: 4100: used
0x0000000000004019-0x000000000000501d: 4100: used
0x000000000000501d-0x0000000000006021: 4100: used
0x0000000000006021-0x0000000000006025: 4: used
0x0000000000006025-0x00000000000060b9: 148: used
0x00000000000060b9-0x00000000000060f9: 64: used
0x00000000000060f9-0x00000000000060fd: 4: used
0x00000000000060fd-0x0000000000006101: 4: used
0x0000000000006101-0x0000000000006105: 4: used
0x0000000000006105-0x0000000000006199: 148: used
0x0000000000006199-0x00000000000061d9: 64: used
0x00000000000061d9-0x00000000000061dd: 4: used
0x00000000000061dd-0x00000000000061e1: 4: used
0x00000000000061e1-0x00000000000061e5: 4: used
0x00000000000061e5-0x0000000000006269: 132: used
0x0000000000006269-0x000000000000626d: 4: used
0x000000000000626d-0x0000000000006271: 4: used
0x0000000000006271-0x0000000000006275: 4: used
0x0000000000006275-0x0000000000100000: 1023371: free
total: 1048575, used 25204 free 1023371
allocated bos:          26
allocated bo size (kb): 100816

--- 2025-06-17 16:24:08.159 ---
cycles: 975673208 (975.6 Mhz)
0x0000000000000001-0x0000000000000005: 4: used
0x0000000000000005-0x0000000000000009: 4: used
0x0000000000000009-0x000000000000000d: 4: used
0x000000000000000d-0x0000000000000011: 4: used
0x0000000000000011-0x0000000000000015: 4: used
0x0000000000000015-0x0000000000001015: 4096: used
0x0000000000001015-0x0000000000002015: 4096: used
0x0000000000002015-0x0000000000003015: 4096: used
0x0000000000003015-0x0000000000004019: 4100: used
0x0000000000004019-0x000000000000501d: 4100: used
0x000000000000501d-0x0000000000006021: 4100: used
0x0000000000006021-0x0000000000006025: 4: used
0x0000000000006025-0x00000000000060b9: 148: used
0x00000000000060b9-0x00000000000060f9: 64: used
0x00000000000060f9-0x00000000000060fd: 4: used
0x00000000000060fd-0x0000000000006101: 4: used
0x0000000000006101-0x0000000000006105: 4: used
0x0000000000006105-0x0000000000006199: 148: used
0x0000000000006199-0x00000000000061d9: 64: used
0x00000000000061d9-0x00000000000061dd: 4: used
0x00000000000061dd-0x00000000000061e1: 4: used
0x00000000000061e1-0x00000000000061e5: 4: used
0x00000000000061e5-0x0000000000006269: 132: used
0x0000000000006269-0x000000000000626d: 4: used
0x000000000000626d-0x0000000000006271: 4: used
0x0000000000006271-0x0000000000006275: 4: used
0x0000000000006275-0x0000000000100000: 1023371: free
total: 1048575, used 25204 free 1023371
allocated bos:          26
allocated bo size (kb): 100816

--- 2025-06-17 16:24:09.182 ---
cycles: 975802438 (975.8 Mhz)
0x0000000000000001-0x0000000000000005: 4: used
0x0000000000000005-0x0000000000000009: 4: used
0x0000000000000009-0x000000000000000d: 4: used
0x000000000000000d-0x0000000000000011: 4: used
0x0000000000000011-0x0000000000000015: 4: used
0x0000000000000015-0x0000000000001015: 4096: used
0x0000000000001015-0x0000000000002015: 4096: used
0x0000000000002015-0x0000000000003015: 4096: used
0x0000000000003015-0x0000000000004019: 4100: used
0x0000000000004019-0x000000000000501d: 4100: used
0x000000000000501d-0x0000000000006021: 4100: used
0x0000000000006021-0x0000000000006025: 4: used
0x0000000000006025-0x00000000000060b9: 148: used
0x00000000000060b9-0x00000000000060f9: 64: used
0x00000000000060f9-0x00000000000060fd: 4: used
0x00000000000060fd-0x0000000000006101: 4: used
0x0000000000006101-0x0000000000006105: 4: used
0x0000000000006105-0x0000000000006199: 148: used
0x0000000000006199-0x00000000000061d9: 64: used
0x00000000000061d9-0x00000000000061dd: 4: used
0x00000000000061dd-0x00000000000061e1: 4: used
0x00000000000061e1-0x00000000000061e5: 4: used
0x00000000000061e5-0x0000000000006269: 132: used
0x0000000000006269-0x000000000000626d: 4: used
0x000000000000626d-0x0000000000006271: 4: used
0x0000000000006271-0x0000000000006275: 4: used
0x0000000000006275-0x0000000000100000: 1023371: free
total: 1048575, used 25204 free 1023371
allocated bos:          26
allocated bo size (kb): 100816

--- 2025-06-17 16:24:10.205 ---
cycles: 978016540 (978.0 Mhz)
0x0000000000000001-0x0000000000000005: 4: used
0x0000000000000005-0x0000000000000009: 4: used
0x0000000000000009-0x000000000000000d: 4: used
0x000000000000000d-0x0000000000000011: 4: used
0x0000000000000011-0x0000000000000015: 4: used
0x0000000000000015-0x0000000000001015: 4096: used
0x0000000000001015-0x0000000000002015: 4096: used
0x0000000000002015-0x0000000000003015: 4096: used
0x0000000000003015-0x0000000000004019: 4100: used
0x0000000000004019-0x000000000000501d: 4100: used
0x000000000000501d-0x0000000000006021: 4100: used
0x0000000000006021-0x0000000000006025: 4: used
0x0000000000006025-0x00000000000060b9: 148: used
0x00000000000060b9-0x00000000000060f9: 64: used
0x00000000000060f9-0x00000000000060fd: 4: used
0x00000000000060fd-0x0000000000006101: 4: used
0x0000000000006101-0x0000000000006105: 4: used
0x0000000000006105-0x0000000000006199: 148: used
0x0000000000006199-0x00000000000061d9: 64: used
0x00000000000061d9-0x00000000000061dd: 4: used
0x00000000000061dd-0x00000000000061e1: 4: used
0x00000000000061e1-0x00000000000061e5: 4: used
0x00000000000061e5-0x0000000000006269: 132: used
0x0000000000006269-0x000000000000626d: 4: used
0x000000000000626d-0x0000000000006271: 4: used
0x0000000000006271-0x0000000000006275: 4: used
0x0000000000006275-0x0000000000100000: 1023371: free
total: 1048575, used 25204 free 1023371
allocated bos:          26
allocated bo size (kb): 100816

--- 2025-06-17 16:24:11.229 ---
cycles: 978080685 (978.0 Mhz)
0x0000000000000001-0x0000000000000005: 4: used
0x0000000000000005-0x0000000000000009: 4: used
0x0000000000000009-0x000000000000000d: 4: used
0x000000000000000d-0x0000000000000011: 4: used
0x0000000000000011-0x0000000000000015: 4: used
0x0000000000000015-0x0000000000001015: 4096: used
0x0000000000001015-0x0000000000002015: 4096: used
0x0000000000002015-0x0000000000003015: 4096: used
0x0000000000003015-0x0000000000004019: 4100: used
0x0000000000004019-0x000000000000501d: 4100: used
0x000000000000501d-0x0000000000006021: 4100: used
0x0000000000006021-0x0000000000006025: 4: used
0x0000000000006025-0x00000000000060b9: 148: used
0x00000000000060b9-0x00000000000060f9: 64: used
0x00000000000060f9-0x00000000000060fd: 4: used
0x00000000000060fd-0x0000000000006101: 4: used
0x0000000000006101-0x0000000000006105: 4: used
0x0000000000006105-0x0000000000006199: 148: used
0x0000000000006199-0x00000000000061d9: 64: used
0x00000000000061d9-0x00000000000061dd: 4: used
0x00000000000061dd-0x00000000000061e1: 4: used
0x00000000000061e1-0x00000000000061e5: 4: used
0x00000000000061e5-0x0000000000006269: 132: used
0x0000000000006269-0x000000000000626d: 4: used
0x000000000000626d-0x0000000000006271: 4: used
0x0000000000006271-0x0000000000006275: 4: used
0x0000000000006275-0x0000000000100000: 1023371: free
total: 1048575, used 25204 free 1023371
allocated bos:          26
allocated bo size (kb): 100816

--- 2025-06-17 16:24:12.253 ---
cycles: 978025669 (978.0 Mhz)
0x0000000000000001-0x0000000000000005: 4: used
0x0000000000000005-0x0000000000000009: 4: used
0x0000000000000009-0x000000000000000d: 4: used
0x000000000000000d-0x0000000000000011: 4: used
0x0000000000000011-0x0000000000000015: 4: used
0x0000000000000015-0x0000000000001015: 4096: used
0x0000000000001015-0x0000000000002015: 4096: used
0x0000000000002015-0x0000000000003015: 4096: used
0x0000000000003015-0x0000000000004019: 4100: used
0x0000000000004019-0x000000000000501d: 4100: used
0x000000000000501d-0x0000000000006021: 4100: used
0x0000000000006021-0x0000000000006025: 4: used
0x0000000000006025-0x00000000000060b9: 148: used
0x00000000000060b9-0x00000000000060f9: 64: used
0x00000000000060f9-0x00000000000060fd: 4: used
0x00000000000060fd-0x0000000000006101: 4: used
0x0000000000006101-0x0000000000006105: 4: used
0x0000000000006105-0x0000000000006199: 148: used
0x0000000000006199-0x00000000000061d9: 64: used
0x00000000000061d9-0x00000000000061dd: 4: used
0x00000000000061dd-0x00000000000061e1: 4: used
0x00000000000061e1-0x00000000000061e5: 4: used
0x00000000000061e5-0x0000000000006269: 132: used
0x0000000000006269-0x000000000000626d: 4: used
0x000000000000626d-0x0000000000006271: 4: used
0x0000000000006271-0x0000000000006275: 4: used
0x0000000000006275-0x0000000000100000: 1023371: free
total: 1048575, used 25204 free 1023371
allocated bos:          26
allocated bo size (kb): 100816

